// Jest Snapshot v1, https://goo.gl/fbAQLP

exports[`App component should render the fragment 1`] = `
<DocumentFragment>
  <div
    class="App"
  >
    User: 12314123
  </div>
</DocumentFragment>
`;
